// Jest Snapshot v1, https://goo.gl/fbAQLP

exports[`JuneMonthTable should render customer's may information in tables should match snapshot 1`] = `
<DocumentFragment>
  <div>
    <h1
      data-testid="header-june"
    >
      JUNE
    </h1>
    <table
      border="1"
    >
      <thead>
        <tr>
          <th
            data-testid="th-customerid"
          >
            Customer ID
          </th>
          <th
            data-testid="th-transactionid"
          >
            Transaction ID
          </th>
          <th
            data-testid="th-date"
          >
            Date
          </th>
          <th
            data-testid="th-price"
          >
            Price
          </th>
          <th
            data-testid="th-rewards"
          >
            Rewards
          </th>
        </tr>
      </thead>
      <tbody>
        <tr>
          <td>
            123
          </td>
          <td>
            7
          </td>
          <td>
            Tue Jun 14 2022
          </td>
          <td>
            $50
          </td>
          <td>
            0
          </td>
        </tr>
        <tr>
          <td
            colspan="4"
          >
            <b>
              TOTAL REWARDS
            </b>
          </td>
          <td
            data-testid="customer123Total"
          >
            <b>
              <i>
                0
              </i>
            </b>
          </td>
        </tr>
      </tbody>
    </table>
    <table
      border="1"
    >
      <thead>
        <tr>
          <th
            data-testid="th-customerid"
          >
            Customer ID
          </th>
          <th
            data-testid="th-transactionid"
          >
            Transaction ID
          </th>
          <th
            data-testid="th-date"
          >
            Date
          </th>
          <th
            data-testid="th-price"
          >
            Price
          </th>
          <th
            data-testid="th-rewards"
          >
            Rewards
          </th>
        </tr>
      </thead>
      <tbody>
        <tr>
          <td>
            456
          </td>
          <td>
            11
          </td>
          <td>
            Wed Jun 15 2022
          </td>
          <td>
            $75
          </td>
          <td>
            25
          </td>
        </tr>
        <tr>
          <td>
            456
          </td>
          <td>
            2
          </td>
          <td>
            Sun Jun 19 2022
          </td>
          <td>
            $60
          </td>
          <td>
            10
          </td>
        </tr>
        <tr>
          <td
            colspan="4"
          >
            <b>
              TOTAL REWARDS
            </b>
          </td>
          <td
            data-testid="customer456Total"
          >
            <b>
              <i>
                35
              </i>
            </b>
          </td>
        </tr>
      </tbody>
    </table>
    <table
      border="1"
    >
      <thead>
        <tr>
          <th
            data-testid="th-customerid"
          >
            Customer ID
          </th>
          <th
            data-testid="th-transactionid"
          >
            Transaction ID
          </th>
          <th
            data-testid="th-date"
          >
            Date
          </th>
          <th
            data-testid="th-price"
          >
            Price
          </th>
          <th
            data-testid="th-rewards"
          >
            Rewards
          </th>
        </tr>
      </thead>
      <tbody>
        <tr>
          <td>
            789
          </td>
          <td>
            6
          </td>
          <td>
            Sat Jun 25 2022
          </td>
          <td>
            $100
          </td>
          <td>
            50
          </td>
        </tr>
        <tr>
          <td
            colspan="4"
          >
            <b>
              TOTAL REWARDS
            </b>
          </td>
          <td
            data-testid="customer789Total"
          >
            <b>
              <i>
                50
              </i>
            </b>
          </td>
        </tr>
      </tbody>
    </table>
  </div>
</DocumentFragment>
`;
